
=== sweep start: method=magnitude runs=354 datasets_filter=None archs_filter=None ===
[1/354] cora/gcn/seed-0/split-0: launching
  done in 9.5s
[2/354] cora/gcn/seed-1/split-0: launching
  done in 9.3s
[3/354] cora/gcn/seed-2/split-0: launching
  done in 9.3s
[4/354] citeseer/gcn/seed-0/split-0: launching
  done in 9.4s
[5/354] citeseer/gcn/seed-1/split-0: launching
  done in 9.5s
[6/354] citeseer/gcn/seed-2/split-0: launching
  done in 10.0s
[7/354] pubmed/gcn/seed-0/split-0: launching
  done in 9.6s
[8/354] pubmed/gcn/seed-1/split-0: launching
  done in 9.3s
[9/354] pubmed/gcn/seed-2/split-0: launching
  done in 9.2s
[10/354] cs/gcn/seed-0/split-0: launching
  done in 9.9s
[11/354] cs/gcn/seed-1/split-0: launching
  done in 10.2s
[12/354] cs/gcn/seed-2/split-0: launching
  done in 10.4s
[13/354] physics/gcn/seed-0/split-0: launching
  done in 11.6s
[14/354] physics/gcn/seed-1/split-0: launching
  done in 11.1s
[15/354] physics/gcn/seed-2/split-0: launching
  done in 10.8s
[16/354] photo/gcn/seed-0/split-0: launching
  done in 9.3s
[17/354] photo/gcn/seed-1/split-0: launching
  done in 9.4s
[18/354] photo/gcn/seed-2/split-0: launching
  done in 9.7s
[19/354] computers/gcn/seed-0/split-0: launching
  done in 10.1s
[20/354] computers/gcn/seed-1/split-0: launching
  done in 9.8s
[21/354] computers/gcn/seed-2/split-0: launching
  done in 9.4s
[22/354] cornell/gcn/seed-0/split-0: launching
  done in 9.4s
[23/354] cornell/gcn/seed-0/split-1: launching
  done in 9.2s
[24/354] cornell/gcn/seed-0/split-2: launching
  done in 9.5s
[25/354] cornell/gcn/seed-0/split-3: launching
  done in 9.7s
[26/354] cornell/gcn/seed-0/split-4: launching
  done in 10.1s
[27/354] cornell/gcn/seed-0/split-5: launching
  done in 9.4s
[28/354] cornell/gcn/seed-0/split-6: launching
  done in 9.2s
[29/354] cornell/gcn/seed-0/split-7: launching
  done in 9.2s
[30/354] cornell/gcn/seed-0/split-8: launching
  done in 9.4s
[31/354] cornell/gcn/seed-0/split-9: launching
  done in 9.5s
[32/354] cornell/gcn/seed-1/split-0: launching
  done in 9.6s
[33/354] cornell/gcn/seed-1/split-1: launching
  done in 10.0s
[34/354] cornell/gcn/seed-1/split-2: launching
  done in 9.5s
[35/354] cornell/gcn/seed-1/split-3: launching
  done in 9.3s
[36/354] cornell/gcn/seed-1/split-4: launching
  done in 9.4s
[37/354] cornell/gcn/seed-1/split-5: launching
  done in 9.4s
[38/354] cornell/gcn/seed-1/split-6: launching
  done in 9.5s
[39/354] cornell/gcn/seed-1/split-7: launching
  done in 9.6s
[40/354] cornell/gcn/seed-1/split-8: launching
  done in 9.9s
[41/354] cornell/gcn/seed-1/split-9: launching
  done in 9.4s
[42/354] cornell/gcn/seed-2/split-0: launching
  done in 9.2s
[43/354] cornell/gcn/seed-2/split-1: launching
  done in 9.3s
[44/354] cornell/gcn/seed-2/split-2: launching
  done in 9.3s
[45/354] cornell/gcn/seed-2/split-3: launching
  done in 9.5s
[46/354] cornell/gcn/seed-2/split-4: launching
  done in 9.6s
[47/354] cornell/gcn/seed-2/split-5: launching
  done in 9.8s
[48/354] cornell/gcn/seed-2/split-6: launching
  done in 9.3s
[49/354] cornell/gcn/seed-2/split-7: launching
  done in 9.2s
[50/354] cornell/gcn/seed-2/split-8: launching
  done in 9.4s
[51/354] cornell/gcn/seed-2/split-9: launching
  done in 9.4s
[52/354] texas/gcn/seed-0/split-0: launching
  done in 9.6s
[53/354] texas/gcn/seed-0/split-1: launching
  done in 9.7s
[54/354] texas/gcn/seed-0/split-2: launching
  done in 9.7s
[55/354] texas/gcn/seed-0/split-3: launching
  done in 9.4s
[56/354] texas/gcn/seed-0/split-4: launching
  done in 9.4s
[57/354] texas/gcn/seed-0/split-5: launching
  done in 9.4s
[58/354] texas/gcn/seed-0/split-6: launching
  done in 9.4s
[59/354] texas/gcn/seed-0/split-7: launching
  done in 9.5s
[60/354] texas/gcn/seed-0/split-8: launching
  done in 9.7s
[61/354] texas/gcn/seed-0/split-9: launching
  done in 9.8s
[62/354] texas/gcn/seed-1/split-0: launching
  done in 9.4s
[63/354] texas/gcn/seed-1/split-1: launching
  done in 9.4s
[64/354] texas/gcn/seed-1/split-2: launching
  done in 9.4s
[65/354] texas/gcn/seed-1/split-3: launching
  done in 9.4s
[66/354] texas/gcn/seed-1/split-4: launching
  done in 9.7s
[67/354] texas/gcn/seed-1/split-5: launching
  done in 9.9s
[68/354] texas/gcn/seed-1/split-6: launching
  done in 9.7s
[69/354] texas/gcn/seed-1/split-7: launching
  done in 9.5s
[70/354] texas/gcn/seed-1/split-8: launching
  done in 9.3s
[71/354] texas/gcn/seed-1/split-9: launching
  done in 9.3s
[72/354] texas/gcn/seed-2/split-0: launching
  done in 9.6s
[73/354] texas/gcn/seed-2/split-1: launching
  done in 9.5s
[74/354] texas/gcn/seed-2/split-2: launching
  done in 10.0s
[75/354] texas/gcn/seed-2/split-3: launching
  done in 9.6s
[76/354] texas/gcn/seed-2/split-4: launching
  done in 9.4s
[77/354] texas/gcn/seed-2/split-5: launching
  done in 9.3s
[78/354] texas/gcn/seed-2/split-6: launching
  done in 9.3s
[79/354] texas/gcn/seed-2/split-7: launching
  done in 9.5s
[80/354] texas/gcn/seed-2/split-8: launching
  done in 9.5s
[81/354] texas/gcn/seed-2/split-9: launching
  done in 9.8s
[82/354] wisconsin/gcn/seed-0/split-0: launching
  done in 9.5s
[83/354] wisconsin/gcn/seed-0/split-1: launching
  done in 9.4s
[84/354] wisconsin/gcn/seed-0/split-2: launching
  done in 9.3s
[85/354] wisconsin/gcn/seed-0/split-3: launching
  done in 9.3s
[86/354] wisconsin/gcn/seed-0/split-4: launching
  done in 9.4s
[87/354] wisconsin/gcn/seed-0/split-5: launching
  done in 9.6s
[88/354] wisconsin/gcn/seed-0/split-6: launching
  done in 9.8s
[89/354] wisconsin/gcn/seed-0/split-7: launching
  done in 9.6s
[90/354] wisconsin/gcn/seed-0/split-8: launching
  done in 9.5s
[91/354] wisconsin/gcn/seed-0/split-9: launching
  done in 9.3s
[92/354] wisconsin/gcn/seed-1/split-0: launching
  done in 9.3s
[93/354] wisconsin/gcn/seed-1/split-1: launching
  done in 9.5s
[94/354] wisconsin/gcn/seed-1/split-2: launching
  done in 9.8s
[95/354] wisconsin/gcn/seed-1/split-3: launching
  done in 9.9s
[96/354] wisconsin/gcn/seed-1/split-4: launching
  done in 9.4s
[97/354] wisconsin/gcn/seed-1/split-5: launching
  done in 9.2s
[98/354] wisconsin/gcn/seed-1/split-6: launching
  done in 9.3s
[99/354] wisconsin/gcn/seed-1/split-7: launching
  done in 9.3s
[100/354] wisconsin/gcn/seed-1/split-8: launching
  done in 9.4s
[101/354] wisconsin/gcn/seed-1/split-9: launching
  done in 9.8s
[102/354] wisconsin/gcn/seed-2/split-0: launching
  done in 9.8s
[103/354] wisconsin/gcn/seed-2/split-1: launching
  done in 9.4s
[104/354] wisconsin/gcn/seed-2/split-2: launching
  done in 9.2s
[105/354] wisconsin/gcn/seed-2/split-3: launching
  done in 9.4s
[106/354] wisconsin/gcn/seed-2/split-4: launching
  done in 9.3s
[107/354] wisconsin/gcn/seed-2/split-5: launching
  done in 9.5s
[108/354] wisconsin/gcn/seed-2/split-6: launching
  done in 9.7s
[109/354] wisconsin/gcn/seed-2/split-7: launching
  done in 9.8s
[110/354] wisconsin/gcn/seed-2/split-8: launching
  done in 9.3s
[111/354] wisconsin/gcn/seed-2/split-9: launching
  done in 9.4s
[112/354] actor/gcn/seed-0/split-0: launching
  done in 9.3s
[113/354] actor/gcn/seed-0/split-1: launching
  done in 9.4s
[114/354] actor/gcn/seed-0/split-2: launching
  done in 9.6s
[115/354] actor/gcn/seed-0/split-3: launching
  done in 10.2s
[116/354] actor/gcn/seed-0/split-4: launching
  done in 9.6s
[117/354] actor/gcn/seed-0/split-5: launching
  done in 9.3s
[118/354] actor/gcn/seed-0/split-6: launching
  done in 9.3s
[119/354] actor/gcn/seed-0/split-7: launching
  done in 9.3s
[120/354] actor/gcn/seed-0/split-8: launching
  done in 9.5s
[121/354] actor/gcn/seed-0/split-9: launching
  done in 9.6s
[122/354] actor/gcn/seed-1/split-0: launching
  done in 10.0s
[123/354] actor/gcn/seed-1/split-1: launching
  done in 9.5s
[124/354] actor/gcn/seed-1/split-2: launching
  done in 9.2s
[125/354] actor/gcn/seed-1/split-3: launching
  done in 9.3s
[126/354] actor/gcn/seed-1/split-4: launching
  done in 9.4s
[127/354] actor/gcn/seed-1/split-5: launching
  done in 9.5s
[128/354] actor/gcn/seed-1/split-6: launching
  done in 9.6s
[129/354] actor/gcn/seed-1/split-7: launching
  done in 10.0s
[130/354] actor/gcn/seed-1/split-8: launching
  done in 9.4s
[131/354] actor/gcn/seed-1/split-9: launching
  done in 9.5s
[132/354] actor/gcn/seed-2/split-0: launching
  done in 9.4s
[133/354] actor/gcn/seed-2/split-1: launching
  done in 9.5s
[134/354] actor/gcn/seed-2/split-2: launching
  done in 9.5s
[135/354] actor/gcn/seed-2/split-3: launching
  done in 9.8s
[136/354] actor/gcn/seed-2/split-4: launching
  done in 9.9s
[137/354] actor/gcn/seed-2/split-5: launching
  done in 9.5s
[138/354] actor/gcn/seed-2/split-6: launching
  done in 9.4s
[139/354] actor/gcn/seed-2/split-7: launching
  done in 9.5s
[140/354] actor/gcn/seed-2/split-8: launching
  done in 9.3s
[141/354] actor/gcn/seed-2/split-9: launching
  done in 9.6s
[142/354] bbbp/gcn/seed-0/split-0: launching
  done in 10.0s
[143/354] bbbp/gcn/seed-1/split-0: launching
  done in 10.1s
[144/354] bbbp/gcn/seed-2/split-0: launching
  done in 9.7s
[145/354] proteins/gcn/seed-0/split-0: launching
  done in 9.4s
[146/354] proteins/gcn/seed-1/split-0: launching
  done in 9.4s
[147/354] proteins/gcn/seed-2/split-0: launching
  done in 9.6s
[148/354] cora/gat/seed-0/split-0: launching
  done in 9.7s
[149/354] cora/gat/seed-1/split-0: launching
  done in 10.3s
[150/354] cora/gat/seed-2/split-0: launching
  done in 9.8s
[151/354] citeseer/gat/seed-0/split-0: launching
  done in 10.2s
[152/354] citeseer/gat/seed-1/split-0: launching
  done in 10.1s
[153/354] citeseer/gat/seed-2/split-0: launching
  done in 10.1s
[154/354] pubmed/gat/seed-0/split-0: launching
  done in 9.5s
[155/354] pubmed/gat/seed-1/split-0: launching
  done in 9.7s
[156/354] pubmed/gat/seed-2/split-0: launching
  done in 9.9s
[157/354] computers/gat/seed-0/split-0: launching
  done in 9.8s
[158/354] computers/gat/seed-1/split-0: launching
  done in 9.8s
[159/354] computers/gat/seed-2/split-0: launching
  done in 9.7s
[160/354] photo/gat/seed-0/split-0: launching
  done in 9.5s
[161/354] photo/gat/seed-1/split-0: launching
  done in 9.7s
[162/354] photo/gat/seed-2/split-0: launching
  done in 10.0s
[163/354] cornell/gat/seed-0/split-0: launching
  done in 10.0s
[164/354] cornell/gat/seed-0/split-1: launching
  done in 9.6s
[165/354] cornell/gat/seed-0/split-2: launching
  done in 9.6s
[166/354] cornell/gat/seed-0/split-3: launching
  done in 9.5s
[167/354] cornell/gat/seed-0/split-4: launching
  done in 9.7s
[168/354] cornell/gat/seed-0/split-5: launching
  done in 9.8s
[169/354] cornell/gat/seed-0/split-6: launching
  done in 10.1s
[170/354] cornell/gat/seed-0/split-7: launching
  done in 9.9s
[171/354] cornell/gat/seed-0/split-8: launching
  done in 9.5s
[172/354] cornell/gat/seed-0/split-9: launching
  done in 9.6s
[173/354] cornell/gat/seed-1/split-0: launching
  done in 9.5s
[174/354] cornell/gat/seed-1/split-1: launching
  done in 9.7s
[175/354] cornell/gat/seed-1/split-2: launching
  done in 9.9s
[176/354] cornell/gat/seed-1/split-3: launching
  done in 10.0s
[177/354] cornell/gat/seed-1/split-4: launching
  done in 9.6s
[178/354] cornell/gat/seed-1/split-5: launching
  done in 9.6s
[179/354] cornell/gat/seed-1/split-6: launching
  done in 9.5s
[180/354] cornell/gat/seed-1/split-7: launching
  done in 9.6s
[181/354] cornell/gat/seed-1/split-8: launching
  done in 9.7s
[182/354] cornell/gat/seed-1/split-9: launching
  done in 10.1s
[183/354] cornell/gat/seed-2/split-0: launching
  done in 10.0s
[184/354] cornell/gat/seed-2/split-1: launching
  done in 9.6s
[185/354] cornell/gat/seed-2/split-2: launching
  done in 9.4s
[186/354] cornell/gat/seed-2/split-3: launching
  done in 9.4s
[187/354] cornell/gat/seed-2/split-4: launching
  done in 9.6s
[188/354] cornell/gat/seed-2/split-5: launching
  done in 9.7s
[189/354] cornell/gat/seed-2/split-6: launching
  done in 10.3s
[190/354] cornell/gat/seed-2/split-7: launching
  done in 9.8s
[191/354] cornell/gat/seed-2/split-8: launching
  done in 9.4s
[192/354] cornell/gat/seed-2/split-9: launching
  done in 9.4s
[193/354] actor/gat/seed-0/split-0: launching
  done in 9.5s
[194/354] actor/gat/seed-0/split-1: launching
  done in 9.4s
[195/354] actor/gat/seed-0/split-2: launching
  done in 9.9s
[196/354] actor/gat/seed-0/split-3: launching
  done in 10.0s
[197/354] actor/gat/seed-0/split-4: launching
  done in 9.6s
[198/354] actor/gat/seed-0/split-5: launching
  done in 9.5s
[199/354] actor/gat/seed-0/split-6: launching
  done in 9.5s
[200/354] actor/gat/seed-0/split-7: launching
  done in 9.5s
[201/354] actor/gat/seed-0/split-8: launching
  done in 9.6s
[202/354] actor/gat/seed-0/split-9: launching
  done in 9.8s
[203/354] actor/gat/seed-1/split-0: launching
  done in 10.0s
[204/354] actor/gat/seed-1/split-1: launching
  done in 9.7s
[205/354] actor/gat/seed-1/split-2: launching
  done in 9.6s
[206/354] actor/gat/seed-1/split-3: launching
  done in 9.5s
[207/354] actor/gat/seed-1/split-4: launching
  done in 9.6s
[208/354] actor/gat/seed-1/split-5: launching
  done in 9.9s
[209/354] actor/gat/seed-1/split-6: launching
  done in 10.1s
[210/354] actor/gat/seed-1/split-7: launching
  done in 9.9s
[211/354] actor/gat/seed-1/split-8: launching
  done in 9.6s
[212/354] actor/gat/seed-1/split-9: launching
  done in 9.5s
[213/354] actor/gat/seed-2/split-0: launching
  done in 9.4s
[214/354] actor/gat/seed-2/split-1: launching
  done in 9.6s
[215/354] actor/gat/seed-2/split-2: launching
  done in 9.8s
[216/354] actor/gat/seed-2/split-3: launching
  done in 10.1s
[217/354] actor/gat/seed-2/split-4: launching
  done in 9.7s
[218/354] actor/gat/seed-2/split-5: launching
  done in 9.4s
[219/354] actor/gat/seed-2/split-6: launching
  done in 9.5s
[220/354] actor/gat/seed-2/split-7: launching
  done in 9.5s
[221/354] actor/gat/seed-2/split-8: launching
  done in 9.7s
[222/354] actor/gat/seed-2/split-9: launching
  done in 9.8s
[223/354] bbbp/graphsage/seed-0/split-0: launching
  done in 9.9s
[224/354] bbbp/graphsage/seed-1/split-0: launching
  done in 9.5s
[225/354] bbbp/graphsage/seed-2/split-0: launching
  done in 9.4s
[226/354] proteins/graphsage/seed-0/split-0: launching
  done in 9.3s
[227/354] proteins/graphsage/seed-1/split-0: launching
  done in 9.4s
[228/354] proteins/graphsage/seed-2/split-0: launching
  done in 9.4s
[229/354] cornell/gprgnn/seed-0/split-0: launching
  done in 9.7s
[230/354] cornell/gprgnn/seed-0/split-1: launching
  done in 9.7s
[231/354] cornell/gprgnn/seed-0/split-2: launching
  done in 9.4s
[232/354] cornell/gprgnn/seed-0/split-3: launching
  done in 9.3s
[233/354] cornell/gprgnn/seed-0/split-4: launching
  done in 9.3s
[234/354] cornell/gprgnn/seed-0/split-5: launching
  done in 9.2s
[235/354] cornell/gprgnn/seed-0/split-6: launching
  done in 9.4s
[236/354] cornell/gprgnn/seed-0/split-7: launching
  done in 9.7s
[237/354] cornell/gprgnn/seed-0/split-8: launching
  done in 9.8s
[238/354] cornell/gprgnn/seed-0/split-9: launching
  done in 9.4s
[239/354] cornell/gprgnn/seed-1/split-0: launching
  done in 9.2s
[240/354] cornell/gprgnn/seed-1/split-1: launching
  done in 9.2s
[241/354] cornell/gprgnn/seed-1/split-2: launching
  done in 9.3s
[242/354] cornell/gprgnn/seed-1/split-3: launching
  done in 9.3s
[243/354] cornell/gprgnn/seed-1/split-4: launching
  done in 9.7s
[244/354] cornell/gprgnn/seed-1/split-5: launching
  done in 9.8s
[245/354] cornell/gprgnn/seed-1/split-6: launching
  done in 9.4s
[246/354] cornell/gprgnn/seed-1/split-7: launching
  done in 9.1s
[247/354] cornell/gprgnn/seed-1/split-8: launching
  done in 9.2s
[248/354] cornell/gprgnn/seed-1/split-9: launching
  done in 9.3s
[249/354] cornell/gprgnn/seed-2/split-0: launching
  done in 9.5s
[250/354] cornell/gprgnn/seed-2/split-1: launching
  done in 9.8s
[251/354] cornell/gprgnn/seed-2/split-2: launching
  done in 9.7s
[252/354] cornell/gprgnn/seed-2/split-3: launching
  done in 9.3s
[253/354] cornell/gprgnn/seed-2/split-4: launching
  done in 9.2s
[254/354] cornell/gprgnn/seed-2/split-5: launching
  done in 9.2s
[255/354] cornell/gprgnn/seed-2/split-6: launching
  done in 9.5s
[256/354] cornell/gprgnn/seed-2/split-7: launching
  done in 9.5s
[257/354] cornell/gprgnn/seed-2/split-8: launching
  done in 9.9s
[258/354] cornell/gprgnn/seed-2/split-9: launching
  done in 9.6s
[259/354] texas/gprgnn/seed-0/split-0: launching
  done in 9.2s
[260/354] texas/gprgnn/seed-0/split-1: launching
  done in 9.2s
[261/354] texas/gprgnn/seed-0/split-2: launching
  done in 9.3s
[262/354] texas/gprgnn/seed-0/split-3: launching
  done in 9.3s
[263/354] texas/gprgnn/seed-0/split-4: launching
  done in 9.5s
[264/354] texas/gprgnn/seed-0/split-5: launching
  done in 9.8s
[265/354] texas/gprgnn/seed-0/split-6: launching
  done in 9.5s
[266/354] texas/gprgnn/seed-0/split-7: launching
  done in 9.2s
[267/354] texas/gprgnn/seed-0/split-8: launching
  done in 9.2s
[268/354] texas/gprgnn/seed-0/split-9: launching
  done in 9.3s
[269/354] texas/gprgnn/seed-1/split-0: launching
  done in 9.4s
[270/354] texas/gprgnn/seed-1/split-1: launching
  done in 9.6s
[271/354] texas/gprgnn/seed-1/split-2: launching
  done in 9.8s
[272/354] texas/gprgnn/seed-1/split-3: launching
  done in 9.3s
[273/354] texas/gprgnn/seed-1/split-4: launching
  done in 9.3s
[274/354] texas/gprgnn/seed-1/split-5: launching
  done in 9.2s
[275/354] texas/gprgnn/seed-1/split-6: launching
  done in 9.4s
[276/354] texas/gprgnn/seed-1/split-7: launching
  done in 9.4s
[277/354] texas/gprgnn/seed-1/split-8: launching
  done in 9.7s
[278/354] texas/gprgnn/seed-1/split-9: launching
  done in 9.7s
[279/354] texas/gprgnn/seed-2/split-0: launching
  done in 9.3s
[280/354] texas/gprgnn/seed-2/split-1: launching
  done in 9.2s
[281/354] texas/gprgnn/seed-2/split-2: launching
  done in 9.3s
[282/354] texas/gprgnn/seed-2/split-3: launching
  done in 9.4s
[283/354] texas/gprgnn/seed-2/split-4: launching
  done in 9.5s
[284/354] texas/gprgnn/seed-2/split-5: launching
  done in 9.7s
[285/354] texas/gprgnn/seed-2/split-6: launching
  done in 9.7s
[286/354] texas/gprgnn/seed-2/split-7: launching
  done in 9.4s
[287/354] texas/gprgnn/seed-2/split-8: launching
  done in 9.3s
[288/354] texas/gprgnn/seed-2/split-9: launching
  done in 9.3s
[289/354] wisconsin/gprgnn/seed-0/split-0: launching
  done in 9.3s
[290/354] wisconsin/gprgnn/seed-0/split-1: launching
  done in 9.5s
[291/354] wisconsin/gprgnn/seed-0/split-2: launching
  done in 9.7s
[292/354] wisconsin/gprgnn/seed-0/split-3: launching
  done in 9.8s
[293/354] wisconsin/gprgnn/seed-0/split-4: launching
  done in 9.3s
[294/354] wisconsin/gprgnn/seed-0/split-5: launching
  done in 9.3s
[295/354] wisconsin/gprgnn/seed-0/split-6: launching
  done in 9.3s
[296/354] wisconsin/gprgnn/seed-0/split-7: launching
  done in 9.4s
[297/354] wisconsin/gprgnn/seed-0/split-8: launching
  done in 9.5s
[298/354] wisconsin/gprgnn/seed-0/split-9: launching
  done in 9.7s
[299/354] wisconsin/gprgnn/seed-1/split-0: launching
  done in 9.8s
[300/354] wisconsin/gprgnn/seed-1/split-1: launching
  done in 9.4s
[301/354] wisconsin/gprgnn/seed-1/split-2: launching
  done in 9.2s
[302/354] wisconsin/gprgnn/seed-1/split-3: launching
  done in 9.3s
[303/354] wisconsin/gprgnn/seed-1/split-4: launching
  done in 9.4s
[304/354] wisconsin/gprgnn/seed-1/split-5: launching
  done in 9.5s
[305/354] wisconsin/gprgnn/seed-1/split-6: launching
  done in 9.9s
[306/354] wisconsin/gprgnn/seed-1/split-7: launching
  done in 9.8s
[307/354] wisconsin/gprgnn/seed-1/split-8: launching
  done in 9.4s
[308/354] wisconsin/gprgnn/seed-1/split-9: launching
  done in 9.5s
[309/354] wisconsin/gprgnn/seed-2/split-0: launching
  done in 9.2s
[310/354] wisconsin/gprgnn/seed-2/split-1: launching
  done in 9.4s
[311/354] wisconsin/gprgnn/seed-2/split-2: launching
  done in 9.5s
[312/354] wisconsin/gprgnn/seed-2/split-3: launching
  done in 10.0s
[313/354] wisconsin/gprgnn/seed-2/split-4: launching
  done in 9.5s
[314/354] wisconsin/gprgnn/seed-2/split-5: launching
  done in 9.4s
[315/354] wisconsin/gprgnn/seed-2/split-6: launching
  done in 9.3s
[316/354] wisconsin/gprgnn/seed-2/split-7: launching
  done in 9.3s
[317/354] wisconsin/gprgnn/seed-2/split-8: launching
  done in 9.5s
[318/354] wisconsin/gprgnn/seed-2/split-9: launching
  done in 9.5s
[319/354] actor/gprgnn/seed-0/split-0: launching
  done in 10.0s
[320/354] actor/gprgnn/seed-0/split-1: launching
  done in 9.5s
[321/354] actor/gprgnn/seed-0/split-2: launching
  done in 9.5s
[322/354] actor/gprgnn/seed-0/split-3: launching
  done in 9.3s
[323/354] actor/gprgnn/seed-0/split-4: launching
  done in 9.2s
[324/354] actor/gprgnn/seed-0/split-5: launching
  done in 9.5s
[325/354] actor/gprgnn/seed-0/split-6: launching
  done in 9.5s
[326/354] actor/gprgnn/seed-0/split-7: launching
  done in 10.0s
[327/354] actor/gprgnn/seed-0/split-8: launching
  done in 9.5s
[328/354] actor/gprgnn/seed-0/split-9: launching
  done in 9.4s
[329/354] actor/gprgnn/seed-1/split-0: launching
  done in 9.2s
[330/354] actor/gprgnn/seed-1/split-1: launching
  done in 9.2s
[331/354] actor/gprgnn/seed-1/split-2: launching
  done in 9.4s
[332/354] actor/gprgnn/seed-1/split-3: launching
  done in 9.7s
[333/354] actor/gprgnn/seed-1/split-4: launching
  done in 9.9s
[334/354] actor/gprgnn/seed-1/split-5: launching
  done in 9.4s
[335/354] actor/gprgnn/seed-1/split-6: launching
  done in 9.3s
[336/354] actor/gprgnn/seed-1/split-7: launching
  done in 9.3s
[337/354] actor/gprgnn/seed-1/split-8: launching
  done in 9.2s
[338/354] actor/gprgnn/seed-1/split-9: launching
  done in 9.5s
[339/354] actor/gprgnn/seed-2/split-0: launching
  done in 9.8s
[340/354] actor/gprgnn/seed-2/split-1: launching
  done in 9.9s
[341/354] actor/gprgnn/seed-2/split-2: launching
  done in 9.5s
[342/354] actor/gprgnn/seed-2/split-3: launching
  done in 9.2s
[343/354] actor/gprgnn/seed-2/split-4: launching
  done in 9.3s
[344/354] actor/gprgnn/seed-2/split-5: launching
  done in 9.4s
[345/354] actor/gprgnn/seed-2/split-6: launching
  done in 9.4s
[346/354] actor/gprgnn/seed-2/split-7: launching
  done in 9.8s
[347/354] actor/gprgnn/seed-2/split-8: launching
  done in 9.9s
[348/354] actor/gprgnn/seed-2/split-9: launching
  done in 9.4s
[349/354] reddit/gcn/seed-0/split-0: launching
  done in 10.9s
[350/354] flickr/graphsage/seed-0/split-0: launching
  done in 9.5s
[351/354] ogbn-arxiv/graphsage/seed-0/split-0: launching
  done in 9.9s
[352/354] reddit/graphsage/seed-0/split-0: launching
  done in 11.2s
[353/354] yelp/graphsage/seed-0/split-0: launching
  done in 14.8s
[354/354] ogbn-products/graphsage/seed-0/split-0: launching
  FAILED in 8.4s (rc=1)
  stdout-tail:

  stderr-tail:
Traceback (most recent call last):
  File "<frozen runpy>", line 198, in _run_module_as_main
  File "<frozen runpy>", line 88, in _run_code
  File "/content/GNN-Pruning-Research/src/gnn_pruning/cli.py", line 337, in <module>
    raise SystemExit(main())
                     ^^^^^^
  File "/content/GNN-Pruning-Research/src/gnn_pruning/cli.py", line 322, in main
    run_cell(args.method, args.dataset, args.architecture, args.config,
  File "/content/GNN-Pruning-Research/src/gnn_pruning/cli.py", line 130, in run_cell
    rows = _run(dataset=dataset, architecture=architecture,
           ^^^^^^^^^^^^^^^^^^^^^^^^^^^^^^^^^^^^^^^^^^^^^^^^
  File "/content/GNN-Pruning-Research/src/gnn_pruning/pruning/magnitude.py", line 80, in run_cell
    ck, prov = _load_dense(dataset, architecture, checkpoint_dir, seed, split)
               ^^^^^^^^^^^^^^^^^^^^^^^^^^^^^^^^^^^^^^^^^^^^^^^^^^^^^^^^^^^^^^^
  File "/content/GNN-Pruning-Research/src/gnn_pruning/pruning/magnitude.py", line 44, in _load_dense
    raise FileNotFoundError(
FileNotFoundError: Dense checkpoint missing at results/no-pruning/ogbn-products/graphsage/seed-0/split-0/checkpoint.pt. Run issue-#1 first.

